 
****************************************
Report : cell
Design : i2c_master_top
Version: G-2012.06-SP2
Date   : Sat Jan 28 09:49:04 2017
****************************************

Attributes:
    b - black box (unknown)
    h - hierarchical
    n - noncombinational
    r - removable
    u - contains unmapped logic

Cell                      Reference       Library             Area  Attributes
--------------------------------------------------------------------------------
U126                      OAI33_X1        NangateOpenCellLibrary_ss0p95v125c
                                                          1.862000  
U127                      NAND3_X1        NangateOpenCellLibrary_ss0p95v125c
                                                          1.064000  
U129                      INV_X1          NangateOpenCellLibrary_ss0p95v125c
                                                          0.532000  
U130                      INV_X1          NangateOpenCellLibrary_ss0p95v125c
                                                          0.532000  
U131                      INV_X1          NangateOpenCellLibrary_ss0p95v125c
                                                          0.532000  
U132                      AND2_X1         NangateOpenCellLibrary_ss0p95v125c
                                                          1.064000  
U133                      CLKBUF_X1       NangateOpenCellLibrary_ss0p95v125c
                                                          0.798000  
U134                      CLKBUF_X1       NangateOpenCellLibrary_ss0p95v125c
                                                          0.798000  
U135                      CLKBUF_X1       NangateOpenCellLibrary_ss0p95v125c
                                                          0.798000  
U136                      INV_X1          NangateOpenCellLibrary_ss0p95v125c
                                                          0.532000  
U137                      CLKBUF_X1       NangateOpenCellLibrary_ss0p95v125c
                                                          0.798000  
U138                      OR3_X1          NangateOpenCellLibrary_ss0p95v125c
                                                          1.330000  
U139                      INV_X1          NangateOpenCellLibrary_ss0p95v125c
                                                          0.532000  
U140                      INV_X1          NangateOpenCellLibrary_ss0p95v125c
                                                          0.532000  
U141                      AND2_X1         NangateOpenCellLibrary_ss0p95v125c
                                                          1.064000  
U142                      INV_X1          NangateOpenCellLibrary_ss0p95v125c
                                                          0.532000  
U143                      INV_X1          NangateOpenCellLibrary_ss0p95v125c
                                                          0.532000  
U144                      INV_X1          NangateOpenCellLibrary_ss0p95v125c
                                                          0.532000  
U145                      INV_X1          NangateOpenCellLibrary_ss0p95v125c
                                                          0.532000  
U146                      OR3_X1          NangateOpenCellLibrary_ss0p95v125c
                                                          1.330000  
U147                      INV_X1          NangateOpenCellLibrary_ss0p95v125c
                                                          0.532000  
U148                      INV_X1          NangateOpenCellLibrary_ss0p95v125c
                                                          0.532000  
U149                      INV_X1          NangateOpenCellLibrary_ss0p95v125c
                                                          0.532000  
U150                      INV_X1          NangateOpenCellLibrary_ss0p95v125c
                                                          0.532000  
U151                      INV_X1          NangateOpenCellLibrary_ss0p95v125c
                                                          0.532000  
U152                      AND2_X1         NangateOpenCellLibrary_ss0p95v125c
                                                          1.064000  
U153                      INV_X1          NangateOpenCellLibrary_ss0p95v125c
                                                          0.532000  
U154                      INV_X1          NangateOpenCellLibrary_ss0p95v125c
                                                          0.532000  
U155                      INV_X1          NangateOpenCellLibrary_ss0p95v125c
                                                          0.532000  
U156                      INV_X1          NangateOpenCellLibrary_ss0p95v125c
                                                          0.532000  
U157                      INV_X1          NangateOpenCellLibrary_ss0p95v125c
                                                          0.532000  
U158                      INV_X1          NangateOpenCellLibrary_ss0p95v125c
                                                          0.532000  
U159                      AND3_X1         NangateOpenCellLibrary_ss0p95v125c
                                                          1.330000  
U160                      INV_X1          NangateOpenCellLibrary_ss0p95v125c
                                                          0.532000  
U161                      INV_X1          NangateOpenCellLibrary_ss0p95v125c
                                                          0.532000  
U162                      INV_X1          NangateOpenCellLibrary_ss0p95v125c
                                                          0.532000  
U163                      AND2_X1         NangateOpenCellLibrary_ss0p95v125c
                                                          1.064000  
U164                      INV_X1          NangateOpenCellLibrary_ss0p95v125c
                                                          0.532000  
U165                      INV_X1          NangateOpenCellLibrary_ss0p95v125c
                                                          0.532000  
U166                      OR3_X1          NangateOpenCellLibrary_ss0p95v125c
                                                          1.330000  
U167                      INV_X1          NangateOpenCellLibrary_ss0p95v125c
                                                          0.532000  
U168                      INV_X1          NangateOpenCellLibrary_ss0p95v125c
                                                          0.532000  
U169                      INV_X1          NangateOpenCellLibrary_ss0p95v125c
                                                          0.532000  
U170                      OR2_X1          NangateOpenCellLibrary_ss0p95v125c
                                                          1.064000  
U171                      INV_X1          NangateOpenCellLibrary_ss0p95v125c
                                                          0.532000  
U172                      INV_X1          NangateOpenCellLibrary_ss0p95v125c
                                                          0.532000  
U173                      INV_X1          NangateOpenCellLibrary_ss0p95v125c
                                                          0.532000  
U174                      INV_X1          NangateOpenCellLibrary_ss0p95v125c
                                                          0.532000  
U175                      NAND2_X1        NangateOpenCellLibrary_ss0p95v125c
                                                          0.798000  
U176                      INV_X1          NangateOpenCellLibrary_ss0p95v125c
                                                          0.532000  
U177                      CLKBUF_X1       NangateOpenCellLibrary_ss0p95v125c
                                                          0.798000  
U178                      OAI21_X1        NangateOpenCellLibrary_ss0p95v125c
                                                          1.064000  
U179                      OAI21_X1        NangateOpenCellLibrary_ss0p95v125c
                                                          1.064000  
U180                      INV_X1          NangateOpenCellLibrary_ss0p95v125c
                                                          0.532000  
U181                      NAND2_X1        NangateOpenCellLibrary_ss0p95v125c
                                                          0.798000  
U182                      INV_X1          NangateOpenCellLibrary_ss0p95v125c
                                                          0.532000  
U183                      OR2_X1          NangateOpenCellLibrary_ss0p95v125c
                                                          1.064000  
U184                      INV_X1          NangateOpenCellLibrary_ss0p95v125c
                                                          0.532000  
U185                      INV_X1          NangateOpenCellLibrary_ss0p95v125c
                                                          0.532000  
U186                      CLKBUF_X1       NangateOpenCellLibrary_ss0p95v125c
                                                          0.798000  
U187                      CLKBUF_X1       NangateOpenCellLibrary_ss0p95v125c
                                                          0.798000  
U188                      CLKBUF_X1       NangateOpenCellLibrary_ss0p95v125c
                                                          0.798000  
U189                      INV_X1          NangateOpenCellLibrary_ss0p95v125c
                                                          0.532000  
U190                      NOR3_X1         NangateOpenCellLibrary_ss0p95v125c
                                                          1.064000  
U191                      NOR3_X1         NangateOpenCellLibrary_ss0p95v125c
                                                          1.064000  
U192                      INV_X1          NangateOpenCellLibrary_ss0p95v125c
                                                          0.532000  
U193                      INV_X1          NangateOpenCellLibrary_ss0p95v125c
                                                          0.532000  
U194                      OAI22_X1        NangateOpenCellLibrary_ss0p95v125c
                                                          1.330000  
U195                      OAI22_X1        NangateOpenCellLibrary_ss0p95v125c
                                                          1.330000  
U196                      OAI22_X1        NangateOpenCellLibrary_ss0p95v125c
                                                          1.330000  
U197                      OAI22_X1        NangateOpenCellLibrary_ss0p95v125c
                                                          1.330000  
U198                      OAI22_X1        NangateOpenCellLibrary_ss0p95v125c
                                                          1.330000  
U199                      OAI22_X1        NangateOpenCellLibrary_ss0p95v125c
                                                          1.330000  
U200                      OAI22_X1        NangateOpenCellLibrary_ss0p95v125c
                                                          1.330000  
U201                      OAI22_X1        NangateOpenCellLibrary_ss0p95v125c
                                                          1.330000  
U202                      OAI22_X1        NangateOpenCellLibrary_ss0p95v125c
                                                          1.330000  
U203                      OAI22_X1        NangateOpenCellLibrary_ss0p95v125c
                                                          1.330000  
U204                      OAI22_X1        NangateOpenCellLibrary_ss0p95v125c
                                                          1.330000  
U205                      OAI22_X1        NangateOpenCellLibrary_ss0p95v125c
                                                          1.330000  
U206                      OAI22_X1        NangateOpenCellLibrary_ss0p95v125c
                                                          1.330000  
U207                      OAI22_X1        NangateOpenCellLibrary_ss0p95v125c
                                                          1.330000  
U208                      OAI22_X1        NangateOpenCellLibrary_ss0p95v125c
                                                          1.330000  
U209                      OAI22_X1        NangateOpenCellLibrary_ss0p95v125c
                                                          1.330000  
U210                      OAI22_X1        NangateOpenCellLibrary_ss0p95v125c
                                                          1.330000  
U211                      OAI22_X1        NangateOpenCellLibrary_ss0p95v125c
                                                          1.330000  
U212                      OAI22_X1        NangateOpenCellLibrary_ss0p95v125c
                                                          1.330000  
U213                      OAI22_X1        NangateOpenCellLibrary_ss0p95v125c
                                                          1.330000  
U214                      OAI22_X1        NangateOpenCellLibrary_ss0p95v125c
                                                          1.330000  
U215                      OAI22_X1        NangateOpenCellLibrary_ss0p95v125c
                                                          1.330000  
U216                      OAI22_X1        NangateOpenCellLibrary_ss0p95v125c
                                                          1.330000  
U217                      INV_X1          NangateOpenCellLibrary_ss0p95v125c
                                                          0.532000  
U218                      OR3_X1          NangateOpenCellLibrary_ss0p95v125c
                                                          1.330000  
U219                      AOI21_X1        NangateOpenCellLibrary_ss0p95v125c
                                                          1.064000  
U220                      INV_X1          NangateOpenCellLibrary_ss0p95v125c
                                                          0.532000  
U221                      AOI221_X1       NangateOpenCellLibrary_ss0p95v125c
                                                          1.596000  
U222                      INV_X1          NangateOpenCellLibrary_ss0p95v125c
                                                          0.532000  
U223                      AOI221_X1       NangateOpenCellLibrary_ss0p95v125c
                                                          1.596000  
U224                      INV_X1          NangateOpenCellLibrary_ss0p95v125c
                                                          0.532000  
U225                      AOI221_X1       NangateOpenCellLibrary_ss0p95v125c
                                                          1.596000  
U226                      INV_X1          NangateOpenCellLibrary_ss0p95v125c
                                                          0.532000  
U227                      AOI221_X1       NangateOpenCellLibrary_ss0p95v125c
                                                          1.596000  
U228                      INV_X1          NangateOpenCellLibrary_ss0p95v125c
                                                          0.532000  
U229                      AOI221_X1       NangateOpenCellLibrary_ss0p95v125c
                                                          1.596000  
U230                      INV_X1          NangateOpenCellLibrary_ss0p95v125c
                                                          0.532000  
U231                      AOI221_X1       NangateOpenCellLibrary_ss0p95v125c
                                                          1.596000  
U232                      INV_X1          NangateOpenCellLibrary_ss0p95v125c
                                                          0.532000  
U233                      AOI221_X1       NangateOpenCellLibrary_ss0p95v125c
                                                          1.596000  
U234                      INV_X1          NangateOpenCellLibrary_ss0p95v125c
                                                          0.532000  
U235                      AOI221_X1       NangateOpenCellLibrary_ss0p95v125c
                                                          1.596000  
U236                      NOR3_X1         NangateOpenCellLibrary_ss0p95v125c
                                                          1.064000  
U237                      NOR3_X1         NangateOpenCellLibrary_ss0p95v125c
                                                          1.064000  
U238                      NAND2_X1        NangateOpenCellLibrary_ss0p95v125c
                                                          0.798000  
U239                      OAI211_X1       NangateOpenCellLibrary_ss0p95v125c
                                                          1.330000  
U240                      AOI22_X1        NangateOpenCellLibrary_ss0p95v125c
                                                          1.330000  
U241                      AOI221_X1       NangateOpenCellLibrary_ss0p95v125c
                                                          1.596000  
U242                      OAI22_X1        NangateOpenCellLibrary_ss0p95v125c
                                                          1.330000  
U243                      OAI211_X1       NangateOpenCellLibrary_ss0p95v125c
                                                          1.330000  
U244                      AOI22_X1        NangateOpenCellLibrary_ss0p95v125c
                                                          1.330000  
U245                      AOI221_X1       NangateOpenCellLibrary_ss0p95v125c
                                                          1.596000  
U246                      OAI22_X1        NangateOpenCellLibrary_ss0p95v125c
                                                          1.330000  
U247                      OAI211_X1       NangateOpenCellLibrary_ss0p95v125c
                                                          1.330000  
U248                      AOI22_X1        NangateOpenCellLibrary_ss0p95v125c
                                                          1.330000  
U249                      AOI221_X1       NangateOpenCellLibrary_ss0p95v125c
                                                          1.596000  
U250                      OAI22_X1        NangateOpenCellLibrary_ss0p95v125c
                                                          1.330000  
U251                      OAI211_X1       NangateOpenCellLibrary_ss0p95v125c
                                                          1.330000  
U252                      AOI22_X1        NangateOpenCellLibrary_ss0p95v125c
                                                          1.330000  
U253                      AOI221_X1       NangateOpenCellLibrary_ss0p95v125c
                                                          1.596000  
U254                      OAI22_X1        NangateOpenCellLibrary_ss0p95v125c
                                                          1.330000  
U255                      OAI211_X1       NangateOpenCellLibrary_ss0p95v125c
                                                          1.330000  
U256                      AOI22_X1        NangateOpenCellLibrary_ss0p95v125c
                                                          1.330000  
U257                      AOI221_X1       NangateOpenCellLibrary_ss0p95v125c
                                                          1.596000  
U258                      OAI22_X1        NangateOpenCellLibrary_ss0p95v125c
                                                          1.330000  
U259                      AOI211_X1       NangateOpenCellLibrary_ss0p95v125c
                                                          1.330000  
U260                      OAI221_X1       NangateOpenCellLibrary_ss0p95v125c
                                                          1.596000  
U261                      OAI221_X1       NangateOpenCellLibrary_ss0p95v125c
                                                          1.596000  
U262                      OAI221_X1       NangateOpenCellLibrary_ss0p95v125c
                                                          1.596000  
U263                      OAI221_X1       NangateOpenCellLibrary_ss0p95v125c
                                                          1.596000  
U264                      OAI221_X1       NangateOpenCellLibrary_ss0p95v125c
                                                          1.596000  
U265                      OAI221_X1       NangateOpenCellLibrary_ss0p95v125c
                                                          1.596000  
U266                      OAI221_X1       NangateOpenCellLibrary_ss0p95v125c
                                                          1.596000  
U267                      OAI221_X1       NangateOpenCellLibrary_ss0p95v125c
                                                          1.596000  
U268                      OAI211_X1       NangateOpenCellLibrary_ss0p95v125c
                                                          1.330000  
U269                      AOI222_X1       NangateOpenCellLibrary_ss0p95v125c
                                                          2.128000  
U270                      AOI22_X1        NangateOpenCellLibrary_ss0p95v125c
                                                          1.330000  
U271                      OAI211_X1       NangateOpenCellLibrary_ss0p95v125c
                                                          1.330000  
U272                      AOI222_X1       NangateOpenCellLibrary_ss0p95v125c
                                                          2.128000  
U273                      AOI22_X1        NangateOpenCellLibrary_ss0p95v125c
                                                          1.330000  
U274                      OAI211_X1       NangateOpenCellLibrary_ss0p95v125c
                                                          1.330000  
U275                      AOI222_X1       NangateOpenCellLibrary_ss0p95v125c
                                                          2.128000  
U276                      AOI22_X1        NangateOpenCellLibrary_ss0p95v125c
                                                          1.330000  
U277                      NOR3_X1         NangateOpenCellLibrary_ss0p95v125c
                                                          1.064000  
U278                      INV_X1          NangateOpenCellLibrary_ss0p95v125c
                                                          0.532000  
U279                      INV_X1          NangateOpenCellLibrary_ss0p95v125c
                                                          0.532000  
U280                      INV_X1          NangateOpenCellLibrary_ss0p95v125c
                                                          0.532000  
U281                      INV_X1          NangateOpenCellLibrary_ss0p95v125c
                                                          0.532000  
U282                      INV_X1          NangateOpenCellLibrary_ss0p95v125c
                                                          0.532000  
U283                      INV_X1          NangateOpenCellLibrary_ss0p95v125c
                                                          0.532000  
U284                      INV_X1          NangateOpenCellLibrary_ss0p95v125c
                                                          0.532000  
U285                      AOI21_X1        NangateOpenCellLibrary_ss0p95v125c
                                                          1.064000  
U286                      NOR2_X1         NangateOpenCellLibrary_ss0p95v125c
                                                          0.798000  
U287                      AOI21_X1        NangateOpenCellLibrary_ss0p95v125c
                                                          1.064000  
U288                      INV_X1          NangateOpenCellLibrary_ss0p95v125c
                                                          0.532000  
U289                      AND3_X1         NangateOpenCellLibrary_ss0p95v125c
                                                          1.330000  
U290                      NOR2_X1         NangateOpenCellLibrary_ss0p95v125c
                                                          0.798000  
U291                      CLKBUF_X1       NangateOpenCellLibrary_ss0p95v125c
                                                          0.798000  
U292                      CLKBUF_X1       NangateOpenCellLibrary_ss0p95v125c
                                                          0.798000  
U293                      CLKBUF_X1       NangateOpenCellLibrary_ss0p95v125c
                                                          0.798000  
U295                      CLKBUF_X1       NangateOpenCellLibrary_ss0p95v125c
                                                          0.798000  
U296                      CLKBUF_X1       NangateOpenCellLibrary_ss0p95v125c
                                                          0.798000  
U297                      CLKBUF_X1       NangateOpenCellLibrary_ss0p95v125c
                                                          0.798000  
U298                      CLKBUF_X1       NangateOpenCellLibrary_ss0p95v125c
                                                          0.798000  
U299                      CLKBUF_X1       NangateOpenCellLibrary_ss0p95v125c
                                                          0.798000  
U300                      CLKBUF_X1       NangateOpenCellLibrary_ss0p95v125c
                                                          0.798000  
U301                      CLKBUF_X1       NangateOpenCellLibrary_ss0p95v125c
                                                          0.798000  
U302                      CLKBUF_X1       NangateOpenCellLibrary_ss0p95v125c
                                                          0.798000  
U303                      CLKBUF_X1       NangateOpenCellLibrary_ss0p95v125c
                                                          0.798000  
U304                      CLKBUF_X1       NangateOpenCellLibrary_ss0p95v125c
                                                          0.798000  
U305                      CLKBUF_X1       NangateOpenCellLibrary_ss0p95v125c
                                                          0.798000  
U306                      CLKBUF_X1       NangateOpenCellLibrary_ss0p95v125c
                                                          0.798000  
U307                      INV_X1          NangateOpenCellLibrary_ss0p95v125c
                                                          0.532000  
U308                      INV_X1          NangateOpenCellLibrary_ss0p95v125c
                                                          0.532000  
U309                      INV_X1          NangateOpenCellLibrary_ss0p95v125c
                                                          0.532000  
al_reg                    DFFR_X1         NangateOpenCellLibrary_ss0p95v125c
                                                          5.320000  n
byte_controller           i2c_master_byte_ctrl            938.714017
                                                                    h, n
cr_reg[0]                 DFFR_X1         NangateOpenCellLibrary_ss0p95v125c
                                                          5.320000  n
cr_reg[1]                 DFFR_X1         NangateOpenCellLibrary_ss0p95v125c
                                                          5.320000  n
cr_reg[2]                 DFFR_X1         NangateOpenCellLibrary_ss0p95v125c
                                                          5.320000  n
cr_reg[3]                 DFFR_X1         NangateOpenCellLibrary_ss0p95v125c
                                                          5.320000  n
cr_reg[4]                 DFFR_X1         NangateOpenCellLibrary_ss0p95v125c
                                                          5.320000  n
cr_reg[5]                 DFFR_X1         NangateOpenCellLibrary_ss0p95v125c
                                                          5.320000  n
cr_reg[6]                 DFFR_X1         NangateOpenCellLibrary_ss0p95v125c
                                                          5.320000  n
cr_reg[7]                 DFFR_X1         NangateOpenCellLibrary_ss0p95v125c
                                                          5.320000  n
ctr_reg[0]                DFFR_X1         NangateOpenCellLibrary_ss0p95v125c
                                                          5.320000  n
ctr_reg[1]                DFFR_X1         NangateOpenCellLibrary_ss0p95v125c
                                                          5.320000  n
ctr_reg[2]                DFFR_X1         NangateOpenCellLibrary_ss0p95v125c
                                                          5.320000  n
ctr_reg[3]                DFFR_X1         NangateOpenCellLibrary_ss0p95v125c
                                                          5.320000  n
ctr_reg[4]                DFFR_X1         NangateOpenCellLibrary_ss0p95v125c
                                                          5.320000  n
ctr_reg[5]                DFFR_X1         NangateOpenCellLibrary_ss0p95v125c
                                                          5.320000  n
ctr_reg[6]                DFFR_X1         NangateOpenCellLibrary_ss0p95v125c
                                                          5.320000  n
ctr_reg[7]                DFFR_X1         NangateOpenCellLibrary_ss0p95v125c
                                                          5.320000  n
irq_flag_reg              DFFR_X1         NangateOpenCellLibrary_ss0p95v125c
                                                          5.320000  n
prer_reg[0]               DFFS_X1         NangateOpenCellLibrary_ss0p95v125c
                                                          5.320000  n
prer_reg[1]               DFFS_X1         NangateOpenCellLibrary_ss0p95v125c
                                                          5.320000  n
prer_reg[2]               DFFS_X1         NangateOpenCellLibrary_ss0p95v125c
                                                          5.320000  n
prer_reg[3]               DFFS_X1         NangateOpenCellLibrary_ss0p95v125c
                                                          5.320000  n
prer_reg[4]               DFFS_X1         NangateOpenCellLibrary_ss0p95v125c
                                                          5.320000  n
prer_reg[5]               DFFS_X1         NangateOpenCellLibrary_ss0p95v125c
                                                          5.320000  n
prer_reg[6]               DFFS_X1         NangateOpenCellLibrary_ss0p95v125c
                                                          5.320000  n
prer_reg[7]               DFFS_X1         NangateOpenCellLibrary_ss0p95v125c
                                                          5.320000  n
prer_reg[8]               DFFS_X1         NangateOpenCellLibrary_ss0p95v125c
                                                          5.320000  n
prer_reg[9]               DFFS_X1         NangateOpenCellLibrary_ss0p95v125c
                                                          5.320000  n
prer_reg[10]              DFFS_X1         NangateOpenCellLibrary_ss0p95v125c
                                                          5.320000  n
prer_reg[11]              DFFS_X1         NangateOpenCellLibrary_ss0p95v125c
                                                          5.320000  n
prer_reg[12]              DFFS_X1         NangateOpenCellLibrary_ss0p95v125c
                                                          5.320000  n
prer_reg[13]              DFFS_X1         NangateOpenCellLibrary_ss0p95v125c
                                                          5.320000  n
prer_reg[14]              DFFS_X1         NangateOpenCellLibrary_ss0p95v125c
                                                          5.320000  n
prer_reg[15]              DFFS_X1         NangateOpenCellLibrary_ss0p95v125c
                                                          5.320000  n
rxack_reg                 DFFR_X1         NangateOpenCellLibrary_ss0p95v125c
                                                          5.320000  n
tip_reg                   DFFR_X1         NangateOpenCellLibrary_ss0p95v125c
                                                          5.320000  n
txr_reg[0]                DFFR_X1         NangateOpenCellLibrary_ss0p95v125c
                                                          5.320000  n
txr_reg[1]                DFFR_X1         NangateOpenCellLibrary_ss0p95v125c
                                                          5.320000  n
txr_reg[2]                DFFR_X1         NangateOpenCellLibrary_ss0p95v125c
                                                          5.320000  n
txr_reg[3]                DFFR_X1         NangateOpenCellLibrary_ss0p95v125c
                                                          5.320000  n
txr_reg[4]                DFFR_X1         NangateOpenCellLibrary_ss0p95v125c
                                                          5.320000  n
txr_reg[5]                DFFR_X1         NangateOpenCellLibrary_ss0p95v125c
                                                          5.320000  n
txr_reg[6]                DFFR_X1         NangateOpenCellLibrary_ss0p95v125c
                                                          5.320000  n
txr_reg[7]                DFFR_X1         NangateOpenCellLibrary_ss0p95v125c
                                                          5.320000  n
wb_ack_o_reg              DFF_X1          NangateOpenCellLibrary_ss0p95v125c
                                                          4.522000  n
wb_dat_o_reg[0]           DFF_X1          NangateOpenCellLibrary_ss0p95v125c
                                                          4.522000  n
wb_dat_o_reg[1]           DFF_X1          NangateOpenCellLibrary_ss0p95v125c
                                                          4.522000  n
wb_dat_o_reg[2]           DFF_X1          NangateOpenCellLibrary_ss0p95v125c
                                                          4.522000  n
wb_dat_o_reg[3]           DFF_X1          NangateOpenCellLibrary_ss0p95v125c
                                                          4.522000  n
wb_dat_o_reg[4]           DFF_X1          NangateOpenCellLibrary_ss0p95v125c
                                                          4.522000  n
wb_dat_o_reg[5]           DFF_X1          NangateOpenCellLibrary_ss0p95v125c
                                                          4.522000  n
wb_dat_o_reg[6]           DFF_X1          NangateOpenCellLibrary_ss0p95v125c
                                                          4.522000  n
wb_dat_o_reg[7]           DFF_X1          NangateOpenCellLibrary_ss0p95v125c
                                                          4.522000  n
wb_inta_o_reg             DFFR_X1         NangateOpenCellLibrary_ss0p95v125c
                                                          5.320000  n
--------------------------------------------------------------------------------
Total 237 cells                                           1401.288025
1
